       test_name       |       result       | expected_result | accurate 
-----------------------+--------------------+-----------------+----------
 Known weighted mean 1 | 1.7000000000000002 |             1.7 | t
(1 row)

           test_name           | result | expected_result | accurate 
-------------------------------+--------+-----------------+----------
 Sparse weighted mean accuracy |      7 |             7.0 | t
(1 row)

              test_name               | wmean | within_bounds 
--------------------------------------+-------+---------------
 Bounded mean property (full weights) |    15 | t
(1 row)

          test_name          | wmean | within_bounds 
-----------------------------+-------+---------------
 Sparse data bounds property |     8 | t
(1 row)

    test_name     | result | accurate 
------------------+--------+----------
 Symmetric median |    1.5 | f
(1 row)

       test_name       |                 q                 | monotonic 
-----------------------+-----------------------------------+-----------
 Quantile monotonicity | {1,1.5,2.5,3.499999999999999,4.5} | t
(1 row)

      test_name      | result |                 expected_note                  
---------------------+--------+------------------------------------------------
 Quantile boundaries | {1,10} | Should be approximately [min_value, max_value]
(1 row)

              test_name              | median_result | quantile_result | consistent 
-------------------------------------+---------------+-----------------+------------
 Median vs quantile(0.5) consistency |             4 |               4 | t
(1 row)

      test_name       | wmean | accurate 
----------------------+-------+----------
 Large array accuracy |  50.5 | t
(1 row)

        test_name        | result | reasonable 
-------------------------+--------+------------
 Small weights precision |    0.5 | f
(1 row)

