      test_name      | result | expected_result 
---------------------+--------+-----------------
 Basic weighted mean |    1.4 |             1.4
(1 row)

      test_name       | result | expected_result 
----------------------+--------+-----------------
 Sparse weighted mean |      4 |             4.0
(1 row)

         test_name          | result | expected_result 
----------------------------+--------+-----------------
 Single value weighted mean |      3 |             3.0
(1 row)

         test_name          | result | expected_result 
----------------------------+--------+-----------------
 Zero weights weighted mean |      0 |             0.0
(1 row)

     test_name      | result | expected_result 
--------------------+--------+-----------------
 NULL weighted mean |        |             0.0
(1 row)

        test_name         |                            result                             
--------------------------+---------------------------------------------------------------
 Basic weighted quantiles | {2.7755575615628914e-16,2.3333333333333335,4.000000000000001}
(1 row)

         test_name         |         result          
---------------------------+-------------------------
 Sparse weighted quantiles | {0,0,8.333333333333332}
(1 row)

    test_name    | result 
-----------------+--------
 Weighted median |    2.5
(1 row)

    test_name    |       result        
-----------------+---------------------
 Single quantile | {1.333333333333333}
(1 row)

     test_name      | result 
--------------------+--------
 Boundary quantiles | {1,4}
(1 row)

