Timing is on.
Performance Test 1: Small arrays (100 elements)
         test_name          |    mean_result     | quantiles_count 
----------------------------+--------------------+-----------------
 Small array (100 elements) | 24.879812538248064 |               3
(1 row)

Time: 1.515 ms
Performance Test 2: Medium arrays (1,000 elements)
           test_name           |    mean_result    | quantiles_count 
-------------------------------+-------------------+-----------------
 Medium array (1,000 elements) | 26.30789488919959 |               5
(1 row)

Time: 0.725 ms
Performance Test 3: Large arrays (10,000 elements)
           test_name           |    mean_result     | quantiles_count 
-------------------------------+--------------------+-----------------
 Large array (10,000 elements) | 24.929584232313903 |               7
(1 row)

Time: 3.540 ms
Performance Test 4: Multiple quantiles (many quantiles)
psql:test/sql/performance_tests.sql:62: ERROR:  table name "generate_series" specified more than once
Time: 0.486 ms
Performance Test 5: Sparse data performance
      test_name      |    mean_result     | median_result 
---------------------+--------------------+---------------
 Sparsity level: 0.1 |  2.470119911572108 |             0
 Sparsity level: 0.5 | 12.406782284873215 |             0
 Sparsity level: 0.9 | 22.196122590562894 |             0
(3 rows)

Time: 1.978 ms
Performance Test 6: Repeated operations
          test_name          |    mean_result     
-----------------------------+--------------------
 Repeated operations (1/10)  | 12.245206560947329
 Repeated operations (2/10)  | 12.193520380310087
 Repeated operations (3/10)  | 12.069763676376207
 Repeated operations (4/10)  | 12.372336210681965
 Repeated operations (5/10)  | 13.406116490888422
 Repeated operations (6/10)  | 12.786368497269772
 Repeated operations (7/10)  | 12.543641265913111
 Repeated operations (8/10)  | 11.821895072675998
 Repeated operations (9/10)  |  11.79658710082515
 Repeated operations (10/10) | 12.365883413930648
(10 rows)

Time: 1.275 ms
Performance Test 7: Memory efficiency test
psql:test/sql/performance_tests.sql:121: ERROR:  table name "generate_series" specified more than once
Time: 0.376 ms
Timing is off.
Performance tests completed. Check timing output for performance characteristics.
